../Drivers/STM32G0xx_HAL_Driver/Src/stm32g0xx_hal_pwr.c:73:6:HAL_PWR_DeInit	8	static
../Drivers/STM32G0xx_HAL_Driver/Src/stm32g0xx_hal_pwr.c:227:6:HAL_PWR_EnableBkUpAccess	8	static
../Drivers/STM32G0xx_HAL_Driver/Src/stm32g0xx_hal_pwr.c:235:6:HAL_PWR_DisableBkUpAccess	8	static
../Drivers/STM32G0xx_HAL_Driver/Src/stm32g0xx_hal_pwr.c:258:6:HAL_PWR_EnableWakeUpPin	16	static
../Drivers/STM32G0xx_HAL_Driver/Src/stm32g0xx_hal_pwr.c:279:6:HAL_PWR_DisableWakeUpPin	16	static
../Drivers/STM32G0xx_HAL_Driver/Src/stm32g0xx_hal_pwr.c:311:6:HAL_PWR_EnterSLEEPMode	16	static,ignoring_inline_asm
../Drivers/STM32G0xx_HAL_Driver/Src/stm32g0xx_hal_pwr.c:380:6:HAL_PWR_EnterSTOPMode	16	static,ignoring_inline_asm
../Drivers/STM32G0xx_HAL_Driver/Src/stm32g0xx_hal_pwr.c:427:6:HAL_PWR_EnterSTANDBYMode	8	static,ignoring_inline_asm
../Drivers/STM32G0xx_HAL_Driver/Src/stm32g0xx_hal_pwr.c:452:6:HAL_PWR_EnableSleepOnExit	8	static
../Drivers/STM32G0xx_HAL_Driver/Src/stm32g0xx_hal_pwr.c:464:6:HAL_PWR_DisableSleepOnExit	8	static
../Drivers/STM32G0xx_HAL_Driver/Src/stm32g0xx_hal_pwr.c:476:6:HAL_PWR_EnableSEVOnPend	8	static
../Drivers/STM32G0xx_HAL_Driver/Src/stm32g0xx_hal_pwr.c:487:6:HAL_PWR_DisableSEVOnPend	8	static
