../Drivers/STM32G0xx_HAL_Driver/Src/stm32g0xx_hal.c:143:19:HAL_Init	16	static
../Drivers/STM32G0xx_HAL_Driver/Src/stm32g0xx_hal.c:176:19:HAL_DeInit	8	static
../Drivers/STM32G0xx_HAL_Driver/Src/stm32g0xx_hal.c:201:13:HAL_MspInit	8	static
../Drivers/STM32G0xx_HAL_Driver/Src/stm32g0xx_hal.c:211:13:HAL_MspDeInit	8	static
../Drivers/STM32G0xx_HAL_Driver/Src/stm32g0xx_hal.c:233:26:HAL_InitTick	32	static
../Drivers/STM32G0xx_HAL_Driver/Src/stm32g0xx_hal.c:292:13:HAL_IncTick	8	static
../Drivers/STM32G0xx_HAL_Driver/Src/stm32g0xx_hal.c:302:17:HAL_GetTick	8	static
../Drivers/STM32G0xx_HAL_Driver/Src/stm32g0xx_hal.c:310:10:HAL_GetTickPrio	8	static
../Drivers/STM32G0xx_HAL_Driver/Src/stm32g0xx_hal.c:318:19:HAL_SetTickFreq	40	static
../Drivers/STM32G0xx_HAL_Driver/Src/stm32g0xx_hal.c:346:21:HAL_GetTickFreq	8	static
../Drivers/STM32G0xx_HAL_Driver/Src/stm32g0xx_hal.c:361:13:HAL_Delay	24	static
../Drivers/STM32G0xx_HAL_Driver/Src/stm32g0xx_hal.c:384:13:HAL_SuspendTick	8	static
../Drivers/STM32G0xx_HAL_Driver/Src/stm32g0xx_hal.c:399:13:HAL_ResumeTick	8	static
../Drivers/STM32G0xx_HAL_Driver/Src/stm32g0xx_hal.c:408:10:HAL_GetHalVersion	8	static
../Drivers/STM32G0xx_HAL_Driver/Src/stm32g0xx_hal.c:416:10:HAL_GetREVID	8	static
../Drivers/STM32G0xx_HAL_Driver/Src/stm32g0xx_hal.c:424:10:HAL_GetDEVID	8	static
../Drivers/STM32G0xx_HAL_Driver/Src/stm32g0xx_hal.c:432:10:HAL_GetUIDw0	8	static
../Drivers/STM32G0xx_HAL_Driver/Src/stm32g0xx_hal.c:440:10:HAL_GetUIDw1	8	static
../Drivers/STM32G0xx_HAL_Driver/Src/stm32g0xx_hal.c:448:10:HAL_GetUIDw2	8	static
../Drivers/STM32G0xx_HAL_Driver/Src/stm32g0xx_hal.c:475:6:HAL_DBGMCU_EnableDBGStopMode	8	static
../Drivers/STM32G0xx_HAL_Driver/Src/stm32g0xx_hal.c:483:6:HAL_DBGMCU_DisableDBGStopMode	8	static
../Drivers/STM32G0xx_HAL_Driver/Src/stm32g0xx_hal.c:491:6:HAL_DBGMCU_EnableDBGStandbyMode	8	static
../Drivers/STM32G0xx_HAL_Driver/Src/stm32g0xx_hal.c:499:6:HAL_DBGMCU_DisableDBGStandbyMode	8	static
../Drivers/STM32G0xx_HAL_Driver/Src/stm32g0xx_hal.c:534:6:HAL_SYSCFG_VREFBUF_VoltageScalingConfig	16	static
../Drivers/STM32G0xx_HAL_Driver/Src/stm32g0xx_hal.c:548:6:HAL_SYSCFG_VREFBUF_HighImpedanceConfig	16	static
../Drivers/STM32G0xx_HAL_Driver/Src/stm32g0xx_hal.c:564:6:HAL_SYSCFG_VREFBUF_TrimmingConfig	16	static
../Drivers/STM32G0xx_HAL_Driver/Src/stm32g0xx_hal.c:575:19:HAL_SYSCFG_EnableVREFBUF	16	static
../Drivers/STM32G0xx_HAL_Driver/Src/stm32g0xx_hal.c:598:6:HAL_SYSCFG_DisableVREFBUF	8	static
../Drivers/STM32G0xx_HAL_Driver/Src/stm32g0xx_hal.c:607:6:HAL_SYSCFG_EnableIOAnalogSwitchBooster	8	static
../Drivers/STM32G0xx_HAL_Driver/Src/stm32g0xx_hal.c:615:6:HAL_SYSCFG_DisableIOAnalogSwitchBooster	8	static
../Drivers/STM32G0xx_HAL_Driver/Src/stm32g0xx_hal.c:627:6:HAL_SYSCFG_EnableRemap	16	static
../Drivers/STM32G0xx_HAL_Driver/Src/stm32g0xx_hal.c:641:6:HAL_SYSCFG_DisableRemap	16	static
../Drivers/STM32G0xx_HAL_Driver/Src/stm32g0xx_hal.c:655:6:HAL_SYSCFG_EnableClampingDiode	16	static
../Drivers/STM32G0xx_HAL_Driver/Src/stm32g0xx_hal.c:668:6:HAL_SYSCFG_DisableClampingDiode	16	static
