../Drivers/STM32G0xx_HAL_Driver/Src/stm32g0xx_hal_flash_ex.c:159:19:HAL_FLASHEx_Erase	32	static
../Drivers/STM32G0xx_HAL_Driver/Src/stm32g0xx_hal_flash_ex.c:225:19:HAL_FLASHEx_Erase_IT	32	static
../Drivers/STM32G0xx_HAL_Driver/Src/stm32g0xx_hal_flash_ex.c:289:19:HAL_FLASHEx_OBProgram	32	static
../Drivers/STM32G0xx_HAL_Driver/Src/stm32g0xx_hal_flash_ex.c:405:6:HAL_FLASHEx_OBGetConfig	16	static
../Drivers/STM32G0xx_HAL_Driver/Src/stm32g0xx_hal_flash_ex.c:450:6:HAL_FLASHEx_EnableDebugger	8	static
../Drivers/STM32G0xx_HAL_Driver/Src/stm32g0xx_hal_flash_ex.c:460:6:HAL_FLASHEx_DisableDebugger	8	static
../Drivers/STM32G0xx_HAL_Driver/Src/stm32g0xx_hal_flash_ex.c:471:10:HAL_FLASHEx_FlashEmptyCheck	8	static
../Drivers/STM32G0xx_HAL_Driver/Src/stm32g0xx_hal_flash_ex.c:483:6:HAL_FLASHEx_ForceFlashEmpty	24	static
../Drivers/STM32G0xx_HAL_Driver/Src/stm32g0xx_hal_flash_ex.c:503:6:HAL_FLASHEx_EnableSecMemProtection	16	static
../Drivers/STM32G0xx_HAL_Driver/Src/stm32g0xx_hal_flash_ex.c:546:13:FLASH_MassErase	16	static
../Drivers/STM32G0xx_HAL_Driver/Src/stm32g0xx_hal_flash_ex.c:565:6:FLASH_PageErase	24	static
../Drivers/STM32G0xx_HAL_Driver/Src/stm32g0xx_hal_flash_ex.c:599:6:FLASH_FlushCaches	8	static
../Drivers/STM32G0xx_HAL_Driver/Src/stm32g0xx_hal_flash_ex.c:633:13:FLASH_OB_WRPConfig	24	static
../Drivers/STM32G0xx_HAL_Driver/Src/stm32g0xx_hal_flash_ex.c:676:13:FLASH_OB_GetWRP	24	static
../Drivers/STM32G0xx_HAL_Driver/Src/stm32g0xx_hal_flash_ex.c:739:13:FLASH_OB_OptrConfig	32	static
../Drivers/STM32G0xx_HAL_Driver/Src/stm32g0xx_hal_flash_ex.c:762:17:FLASH_OB_GetRDP	16	static
../Drivers/STM32G0xx_HAL_Driver/Src/stm32g0xx_hal_flash_ex.c:794:17:FLASH_OB_GetUser	16	static
../Drivers/STM32G0xx_HAL_Driver/Src/stm32g0xx_hal_flash_ex.c:815:13:FLASH_OB_PCROP1AConfig	40	static
../Drivers/STM32G0xx_HAL_Driver/Src/stm32g0xx_hal_flash_ex.c:888:13:FLASH_OB_PCROP1BConfig	32	static
../Drivers/STM32G0xx_HAL_Driver/Src/stm32g0xx_hal_flash_ex.c:936:13:FLASH_OB_GetPCROP1A	32	static
../Drivers/STM32G0xx_HAL_Driver/Src/stm32g0xx_hal_flash_ex.c:976:13:FLASH_OB_GetPCROP1B	24	static
../Drivers/STM32G0xx_HAL_Driver/Src/stm32g0xx_hal_flash_ex.c:1234:13:FLASH_OB_SecMemConfig	24	static
../Drivers/STM32G0xx_HAL_Driver/Src/stm32g0xx_hal_flash_ex.c:1253:13:FLASH_OB_GetSecMem	24	static
