../src_STM32Kernel/kernel.c:71:6:IncCounterToPWM	8	static
../src_STM32Kernel/kernel.c:81:5:main	168	static
../src_STM32Kernel/kernel.c:184:6:SystemClock_Config	88	static
../src_STM32Kernel/kernel.c:231:13:MX_ADC1_Init	24	static
../src_STM32Kernel/kernel.c:290:13:MX_TIM1_Init	104	static
../src_STM32Kernel/kernel.c:371:13:MX_TIM2_Init	40	static
../src_STM32Kernel/kernel.c:416:13:MX_TIM3_Init	40	static
../src_STM32Kernel/kernel.c:461:13:MX_USART1_UART_Init	8	static
../src_STM32Kernel/kernel.c:509:13:MX_GPIO_Init	48	static
../src_STM32Kernel/kernel.c:553:6:Error_Handler	8	static,ignoring_inline_asm
