C:/Users/Jesus Daniel B/OneDrive/Documentos/Drives from scratch/firmware/inverter_drive/Core/Src/main.c:67:5:main	1
C:/Users/Jesus Daniel B/OneDrive/Documentos/Drives from scratch/firmware/inverter_drive/Core/Src/main.c:112:6:SystemClock_Config	3
C:/Users/Jesus Daniel B/OneDrive/Documentos/Drives from scratch/firmware/inverter_drive/Core/Src/main.c:159:13:MX_TIM1_Init	7
C:/Users/Jesus Daniel B/OneDrive/Documentos/Drives from scratch/firmware/inverter_drive/Core/Src/main.c:240:13:MX_GPIO_Init	1
C:/Users/Jesus Daniel B/OneDrive/Documentos/Drives from scratch/firmware/inverter_drive/Core/Src/main.c:274:6:Error_Handler	1
