C:/Users/Jesus Daniel B/OneDrive/Documentos/Drives from scratch/firmware/inverter_drive/Core/Src/main.c:67:5:main	8	static
C:/Users/Jesus Daniel B/OneDrive/Documentos/Drives from scratch/firmware/inverter_drive/Core/Src/main.c:112:6:SystemClock_Config	88	static
C:/Users/Jesus Daniel B/OneDrive/Documentos/Drives from scratch/firmware/inverter_drive/Core/Src/main.c:159:13:MX_TIM1_Init	104	static
C:/Users/Jesus Daniel B/OneDrive/Documentos/Drives from scratch/firmware/inverter_drive/Core/Src/main.c:240:13:MX_GPIO_Init	48	static
C:/Users/Jesus Daniel B/OneDrive/Documentos/Drives from scratch/firmware/inverter_drive/Core/Src/main.c:274:6:Error_Handler	8	static,ignoring_inline_asm
